Component: ARM Compiler 5.06 (build 20) Tool: armlink [4d35a3]

==============================================================================

Section Cross References

    main.o(i.InitUART) refers to _printf_percent.o(.ARM.Collect$$_printf_percent$$00000000) for _printf_percent
    main.o(i.InitUART) refers to _printf_d.o(.ARM.Collect$$_printf_percent$$00000009) for _printf_d
    main.o(i.InitUART) refers to _printf_dec.o(.text) for _printf_int_dec
    main.o(i.InitUART) refers to noretval__2printf.o(.text) for __2printf
    main.o(i.main) refers to _printf_percent.o(.ARM.Collect$$_printf_percent$$00000000) for _printf_percent
    main.o(i.main) refers to _printf_s.o(.ARM.Collect$$_printf_percent$$00000014) for _printf_s
    main.o(i.main) refers to _printf_str.o(.text) for _printf_str
    main.o(i.main) refers to _printf_d.o(.ARM.Collect$$_printf_percent$$00000009) for _printf_d
    main.o(i.main) refers to _printf_dec.o(.text) for _printf_int_dec
    main.o(i.main) refers to _printf_f.o(.ARM.Collect$$_printf_percent$$00000003) for _printf_f
    main.o(i.main) refers to printf1.o(x$fpl$printf1) for _printf_fp_dec
    main.o(i.main) refers to _printf_x.o(.ARM.Collect$$_printf_percent$$0000000C) for _printf_x
    main.o(i.main) refers to _printf_hex_int.o(.text) for _printf_longlong_hex
    main.o(i.main) refers to main.o(i.InitUART) for InitUART
    main.o(i.main) refers to noretval__2printf.o(.text) for __2printf
    main.o(i.main) refers to f2d.o(x$fpl$f2d) for __aeabi_f2d
    main.o(i.main) refers to main.o(.constdata) for Configurator
    main.o(.constdata) refers to main.o(.conststring) for .conststring
    system_1986be9x.o(i.SystemCoreClockUpdate) refers to system_1986be9x.o(.data) for SystemCoreClock
    system_1986be9x.o(i.SystemInit) refers to system_1986be9x.o(i.SystemCoreClockUpdate) for SystemCoreClockUpdate
    startup_1986be9x.o(STACK) refers (Special) to heapauxi.o(.text) for __use_two_region_memory
    startup_1986be9x.o(HEAP) refers (Special) to heapauxi.o(.text) for __use_two_region_memory
    startup_1986be9x.o(RESET) refers (Special) to heapauxi.o(.text) for __use_two_region_memory
    startup_1986be9x.o(RESET) refers to startup_1986be9x.o(STACK) for __initial_sp
    startup_1986be9x.o(RESET) refers to startup_1986be9x.o(.text) for Reset_Handler
    startup_1986be9x.o(.text) refers (Special) to heapauxi.o(.text) for __use_two_region_memory
    startup_1986be9x.o(.text) refers to system_1986be9x.o(i.SystemInit) for SystemInit
    startup_1986be9x.o(.text) refers to __main.o(!!!main) for __main
    startup_1986be9x.o(.text) refers to startup_1986be9x.o(HEAP) for Heap_Mem
    startup_1986be9x.o(.text) refers to startup_1986be9x.o(STACK) for Stack_Mem
    __2printf.o(.text) refers to _printf_char_file.o(.text) for _printf_char_file
    __2printf.o(.text) refers to stdio_streams.o(.bss) for __stdout
    noretval__2printf.o(.text) refers to _printf_char_file.o(.text) for _printf_char_file
    noretval__2printf.o(.text) refers to stdio_streams.o(.bss) for __stdout
    __printf.o(.text) refers to _printf_percent.o(.ARM.Collect$$_printf_percent$$00000000) for _printf_percent
    _printf_str.o(.text) refers (Special) to _printf_char.o(.text) for _printf_cs_common
    _printf_dec.o(.text) refers to _printf_intcommon.o(.text) for _printf_int_common
    _printf_hex_ll.o(.text) refers to _printf_intcommon.o(.text) for _printf_int_common
    _printf_hex_ll.o(.text) refers to _printf_hex_ll.o(.constdata) for .constdata
    _printf_hex_int.o(.text) refers to _printf_intcommon.o(.text) for _printf_int_common
    _printf_hex_int.o(.text) refers to _printf_hex_int.o(.constdata) for .constdata
    _printf_hex_int_ll.o(.text) refers to _printf_intcommon.o(.text) for _printf_int_common
    _printf_hex_int_ll.o(.text) refers to _printf_hex_int_ll.o(.constdata) for .constdata
    _printf_hex_ptr.o(.text) refers to _printf_intcommon.o(.text) for _printf_int_common
    _printf_hex_ptr.o(.text) refers to _printf_hex_ptr.o(.constdata) for .constdata
    _printf_hex_int_ptr.o(.text) refers to _printf_intcommon.o(.text) for _printf_int_common
    _printf_hex_int_ptr.o(.text) refers to _printf_hex_int_ptr.o(.constdata) for .constdata
    _printf_hex_ll_ptr.o(.text) refers to _printf_intcommon.o(.text) for _printf_int_common
    _printf_hex_ll_ptr.o(.text) refers to _printf_hex_ll_ptr.o(.constdata) for .constdata
    _printf_hex_int_ll_ptr.o(.text) refers to _printf_intcommon.o(.text) for _printf_int_common
    _printf_hex_int_ll_ptr.o(.text) refers to _printf_hex_int_ll_ptr.o(.constdata) for .constdata
    __printf_flags.o(.text) refers to _printf_percent.o(.ARM.Collect$$_printf_percent$$00000000) for _printf_percent
    __printf_flags.o(.text) refers to __printf_flags.o(.constdata) for .constdata
    __printf_ss.o(.text) refers to _printf_percent.o(.ARM.Collect$$_printf_percent$$00000000) for _printf_percent
[...]
    libinit2.o(.ARM.Collect$$libinit$$00000018) refers to libinit2.o(.ARM.Collect$$libinit$$0000000F) for .ARM.Collect$$libinit$$0000000F
    libinit2.o(.ARM.Collect$$libinit$$00000024) refers (Weak) to initio.o(.text) for _initio
    libinit2.o(.ARM.Collect$$libinit$$00000026) refers to argv_veneer.o(.emb_text) for __ARM_argv_veneer
    libinit2.o(.ARM.Collect$$libinit$$00000027) refers to argv_veneer.o(.emb_text) for __ARM_argv_veneer
    libshutdown2.o(.ARM.Collect$$libshutdown$$00000003) refers (Weak) to initio.o(.text) for _terminateio
    libshutdown2.o(.ARM.Collect$$libshutdown$$0000000D) refers (Weak) to term_alloc.o(.text) for _terminate_alloc
    flsbuf_fwide.o(.text) refers to flsbuf.o(.text) for __flsbuf
    rtexit.o(.ARM.Collect$$rtexit$$00000000) refers (Special) to rtexit2.o(.ARM.Collect$$rtexit$$00000004) for __rt_exit_exit
    rtexit.o(.ARM.Collect$$rtexit$$00000000) refers (Special) to rtexit2.o(.ARM.Collect$$rtexit$$00000003) for __rt_exit_ls
    rtexit.o(.ARM.Collect$$rtexit$$00000000) refers (Special) to rtexit2.o(.ARM.Collect$$rtexit$$00000002) for __rt_exit_prels_1
    rtexit.o(.ARM.exidx) refers (Special) to rtexit2.o(.ARM.Collect$$rtexit$$00000004) for __rt_exit_exit
    rtexit.o(.ARM.exidx) refers (Special) to rtexit2.o(.ARM.Collect$$rtexit$$00000003) for __rt_exit_ls
    rtexit.o(.ARM.exidx) refers (Special) to rtexit2.o(.ARM.Collect$$rtexit$$00000002) for __rt_exit_prels_1
    rtexit.o(.ARM.exidx) refers to rtexit.o(.ARM.Collect$$rtexit$$00000000) for .ARM.Collect$$rtexit$$00000000
    rt_raise.o(.text) refers to __raise.o(.text) for __raise
    rt_raise.o(.text) refers to sys_exit.o(.text) for _sys_exit
    rt_heap_descriptor.o(.text) refers to rt_heap_descriptor.o(.bss) for __rt_heap_descriptor_data
    rt_heap_descriptor_intlibspace.o(.text) refers to libspace.o(.bss) for __libspace_start
    init_alloc.o(.text) refers (Special) to hguard.o(.text) for __heap$guard
    init_alloc.o(.text) refers (Special) to libinit2.o(.ARM.Collect$$libinit$$00000005) for __rt_lib_init_heap_2
    init_alloc.o(.text) refers (Special) to maybetermalloc1.o(.emb_text) for _maybe_terminate_alloc
    init_alloc.o(.text) refers to h1_extend.o(.text) for __Heap_ProvideMemory
    init_alloc.o(.text) refers to defsig_rtmem_outer.o(.text) for __rt_SIGRTMEM
    init_alloc.o(.text) refers to rt_heap_descriptor_intlibspace.o(.text) for __rt_heap_descriptor
    init_alloc.o(.text) refers to h1_init.o(.text) for __Heap_Initialize
    malloc.o(.text) refers (Special) to hguard.o(.text) for __heap$guard
    malloc.o(.text) refers (Special) to init_alloc.o(.text) for _init_alloc
    malloc.o(.text) refers to rt_heap_descriptor_intlibspace.o(.text) for __rt_heap_descriptor
    malloc.o(.text) refers to heapstubs.o(.text) for __Heap_Alloc
    h1_alloc.o(.text) refers (Special) to h1_init.o(.text) for __Heap_Initialize
    h1_alloc.o(.text) refers to rt_heap_descriptor_intlibspace.o(.text) for __rt_heap_descriptor
    h1_alloc.o(.text) refers to init_alloc.o(.text) for __Heap_Full
    h1_alloc_mt.o(.text) refers (Special) to h1_init.o(.text) for __Heap_Initialize
    h1_alloc_mt.o(.text) refers to init_alloc.o(.text) for __Heap_Full
    h1_alloc_mt.o(.text) refers to rt_heap_descriptor_intlibspace.o(.text) for __rt_heap_descriptor
    _printf_char_file_locked.o(.text) refers to _printf_char_common.o(.text) for _printf_char_common
    _printf_char_file_locked.o(.text) refers to fputc.o(i._fputc$unlocked) for _fputc$unlocked
    fseek.o(.text) refers to sys_io.o(.text) for _sys_istty
    fseek.o(.text) refers to ftell.o(.text) for _ftell_internal
    fseek.o(.text) refers to stdio.o(.text) for _seterr
    stdio.o(.text) refers to sys_io.o(.text) for _sys_seek
    fwritefast.o(.text) refers to stdio.o(.text) for _writebuf
    fwritefast.o(.text) refers to flsbuf.o(.text) for __flsbuf_byte
    fwritefast.o(.text) refers to rt_memcpy_v6.o(.text) for __aeabi_memcpy
    fwritefast_locked.o(.text) refers to stdio.o(.text) for _writebuf
    fwritefast_locked.o(.text) refers to flsbuf.o(.text) for __flsbuf_byte
    fwritefast_locked.o(.text) refers to rt_memcpy_v6.o(.text) for __aeabi_memcpy
    defsig_exit.o(.text) refers to sys_exit.o(.text) for _sys_exit
    defsig_rtred_inner.o(.text) refers to defsig_general.o(.text) for __default_signal_display
    assert_stdio.o(.text) refers to fputs.o(.text) for fputs
    assert_stdio.o(.text) refers to fflush.o(.text) for fflush
    assert_stdio.o(.text) refers to stdio_streams.o(.bss) for __stderr
    argv_veneer.o(.emb_text) refers to no_argv.o(.text) for __ARM_get_argv
    sys_exit.o(.text) refers (Special) to use_no_semi.o(.text) for __I$use$semihosting
    sys_exit.o(.text) refers (Special) to indicate_semi.o(.text) for __semihosting_library_function
    rtexit2.o(.ARM.Collect$$rtexit$$00000003) refers to libshutdown.o(.ARM.Collect$$libshutdown$$00000000) for __rt_lib_shutdown
    rtexit2.o(.ARM.Collect$$rtexit$$00000004) refers to sys_exit.o(.text) for _sys_exit
    rtexit2.o(.ARM.exidx) refers to rtexit2.o(.ARM.Collect$$rtexit$$00000001) for .ARM.Collect$$rtexit$$00000001
    rtexit2.o(.ARM.exidx) refers to rtexit2.o(.ARM.Collect$$rtexit$$00000003) for .ARM.Collect$$rtexit$$00000003
    rtexit2.o(.ARM.exidx) refers to rtexit2.o(.ARM.Collect$$rtexit$$00000004) for .ARM.Collect$$rtexit$$00000004
    maybetermalloc2.o(.emb_text) refers (Special) to term_alloc.o(.text) for _terminate_alloc
    h1_extend.o(.text) refers to h1_free.o(.text) for free
    h1_init_mt.o(.text) refers to mutex_dummy.o(.text) for _mutex_initialize
    h1_extend_mt.o(.text) refers to h1_free_mt.o(.text) for _free_internal
    fflush.o(.text) refers to stdio.o(.text) for _fflush
    fflush.o(.text) refers to fseek.o(.text) for _fseek
    fflush.o(.text) refers to stdio_streams.o(.bss) for __stdin
    fputs.o(.text) refers to fputc.o(i.fputc) for fputc
    ftell.o(.text) refers to rt_errno_addr_intlibspace.o(.text) for __aeabi_errno_addr
    fflush_locked.o(.text) refers to stdio.o(.text) for _fflush
    fflush_locked.o(.text) refers to fseek.o(.text) for _fseek
    fflush_locked.o(.text) refers to fflush.o(.text) for _do_fflush
    fflush_locked.o(.text) refers to streamlock.o(.data) for _stream_list_lock
    fflush_locked.o(.text) refers to stdio_streams.o(.bss) for __stdin
    __raise.o(.text) refers to defsig.o(CL$$defsig) for __default_signal_handler
    defsig_general.o(.text) refers to sys_wrch.o(.text) for _ttywrch
    defsig_rtmem_outer.o(.text) refers to defsig_rtmem_inner.o(.text) for __rt_SIGRTMEM_inner
    defsig_rtmem_outer.o(.text) refers to defsig_exit.o(.text) for __sig_exit
    defsig_rtmem_formal.o(.text) refers to rt_raise.o(.text) for __rt_raise
    rt_memcpy_v6.o(.text) refers to rt_memcpy_w.o(.text) for __aeabi_memcpy4
    heapauxa.o(.text) refers to heapauxa.o(.data) for .data
    _get_argv.o(.text) refers (Special) to hrguard.o(.text) for __heap_region$guard
    _get_argv.o(.text) refers to h1_alloc.o(.text) for malloc
    _get_argv.o(.text) refers to defsig_rtmem_outer.o(.text) for __rt_SIGRTMEM
    _get_argv.o(.text) refers to sys_command.o(.text) for _sys_command_string
    _get_argv_nomalloc.o(.text) refers (Special) to hrguard.o(.text) for __heap_region$guard
    _get_argv_nomalloc.o(.text) refers to defsig_rtmem_outer.o(.text) for __rt_SIGRTMEM
    _get_argv_nomalloc.o(.text) refers to sys_command.o(.text) for _sys_command_string
    sys_wrch.o(.text) refers (Special) to use_no_semi.o(.text) for __I$use$semihosting
    sys_wrch.o(.text) refers (Special) to indicate_semi.o(.text) for __semihosting_library_function
    sys_command.o(.text) refers (Special) to use_no_semi.o(.text) for __I$use$semihosting
    sys_command.o(.text) refers (Special) to indicate_semi.o(.text) for __semihosting_library_function
    rt_errno_addr.o(.text) refers to rt_errno_addr.o(.bss) for __aeabi_errno_addr_data
    rt_errno_addr_intlibspace.o(.text) refers to libspace.o(.bss) for __libspace_start
    term_alloc.o(.text) refers (Special) to libshutdown2.o(.ARM.Collect$$libshutdown$$0000000E) for __rt_lib_shutdown_heap_2
    term_alloc.o(.text) refers to rt_heap_descriptor_intlibspace.o(.text) for __rt_heap_descriptor
    term_alloc.o(.text) refers to h1_final.o(.text) for __Heap_Finalize
    defsig_rtmem_inner.o(.text) refers to defsig_general.o(.text) for __default_signal_display
    defsig.o(CL$$defsig) refers to defsig_rtred_inner.o(.text) for __rt_SIGRTRED_inner
    defsig.o(CL$$defsig) refers to defsig_rtmem_inner.o(.text) for __rt_SIGRTMEM_inner
    libshutdown.o(.ARM.Collect$$libshutdown$$00000000) refers (Special) to libshutdown2.o(.ARM.Collect$$libshutdown$$00000002) for __rt_lib_shutdown_cpp_1
    libshutdown.o(.ARM.Collect$$libshutdown$$00000000) refers (Special) to libshutdown2.o(.ARM.Collect$$libshutdown$$00000007) for __rt_lib_shutdown_fp_trap_1
    libshutdown.o(.ARM.Collect$$libshutdown$$00000000) refers (Special) to libshutdown2.o(.ARM.Collect$$libshutdown$$0000000F) for __rt_lib_shutdown_heap_1
    libshutdown.o(.ARM.Collect$$libshutdown$$00000000) refers (Special) to libshutdown2.o(.ARM.Collect$$libshutdown$$00000010) for __rt_lib_shutdown_return
    libshutdown.o(.ARM.Collect$$libshutdown$$00000000) refers (Special) to libshutdown2.o(.ARM.Collect$$libshutdown$$0000000A) for __rt_lib_shutdown_signal_1
    libshutdown.o(.ARM.Collect$$libshutdown$$00000000) refers (Special) to libshutdown2.o(.ARM.Collect$$libshutdown$$00000004) for __rt_lib_shutdown_stdio_1
    libshutdown.o(.ARM.Collect$$libshutdown$$00000000) refers (Special) to libshutdown2.o(.ARM.Collect$$libshutdown$$0000000C) for __rt_lib_shutdown_user_alloc_1
    defsig_abrt_inner.o(.text) refers to defsig_general.o(.text) for __default_signal_display
    defsig_fpe_inner.o(.text) refers to defsig_general.o(.text) for __default_signal_display
    defsig_stak_inner.o(.text) refers to defsig_general.o(.text) for __default_signal_display
    defsig_pvfn_inner.o(.text) refers to defsig_general.o(.text) for __default_signal_display
    defsig_cppl_inner.o(.text) refers to defsig_general.o(.text) for __default_signal_display
    defsig_segv_inner.o(.text) refers to defsig_general.o(.text) for __default_signal_display
    defsig_other.o(.text) refers to defsig_general.o(.text) for __default_signal_display


==============================================================================

Image Symbol Table

    Local Symbols

    Symbol Name                              Value     Ov Type        Size  Object(Section)

    ../clib/angel/boardlib.s                 0x00000000   Number         0  boardinit1.o ABSOLUTE
    ../clib/angel/boardlib.s                 0x00000000   Number         0  boardinit3.o ABSOLUTE
    ../clib/angel/boardlib.s                 0x00000000   Number         0  boardshut.o ABSOLUTE
    ../clib/angel/boardlib.s                 0x00000000   Number         0  boardinit2.o ABSOLUTE
    ../clib/angel/handlers.s                 0x00000000   Number         0  __scatter_zi.o ABSOLUTE
    ../clib/angel/handlers.s                 0x00000000   Number         0  __scatter_copy.o ABSOLUTE
    ../clib/angel/kernel.s                   0x00000000   Number         0  __rtentry2.o ABSOLUTE
    ../clib/angel/kernel.s                   0x00000000   Number         0  __rtentry4.o ABSOLUTE
    ../clib/angel/kernel.s                   0x00000000   Number         0  rtexit2.o ABSOLUTE
    ../clib/angel/kernel.s                   0x00000000   Number         0  __rtentry.o ABSOLUTE
    ../clib/angel/kernel.s                   0x00000000   Number         0  rtexit.o ABSOLUTE
    ../clib/angel/rt.s                       0x00000000   Number         0  rt_heap_descriptor.o ABSOLUTE
    ../clib/angel/rt.s                       0x00000000   Number         0  rt_errno_addr_intlibspace.o ABSOLUTE
    ../clib/angel/rt.s                       0x00000000   Number         0  rt_heap_descriptor_intlibspace.o ABSOLUTE
    ../clib/angel/rt.s                       0x00000000   Number         0  rt_locale.o ABSOLUTE
    ../clib/angel/rt.s                       0x00000000   Number         0  rt_errno_addr.o ABSOLUTE
    ../clib/angel/rt.s                       0x00000000   Number         0  rt_raise.o ABSOLUTE
    ../clib/angel/rt.s                       0x00000000   Number         0  rt_locale_intlibspace.o ABSOLUTE
    ../clib/angel/scatter.s                  0x00000000   Number         0  __scatter.o ABSOLUTE
    ../clib/angel/startup.s                  0x00000000   Number         0  __main.o ABSOLUTE
    ../clib/angel/sys.s                      0x00000000   Number         0  use_no_semi.o ABSOLUTE
    ../clib/angel/sys.s                      0x00000000   Number         0  indicate_semi.o ABSOLUTE
    ../clib/angel/sys.s                      0x00000000   Number         0  sys_stackheap_outer.o ABSOLUTE
    ../clib/angel/sys.s                      0x00000000   Number         0  libspace.o ABSOLUTE
    ../clib/angel/sys.s                      0x00000000   Number         0  mutex_dummy.o ABSOLUTE
    ../clib/angel/sysapp.c                   0x00000000   Number         0  sys_command.o ABSOLUTE
    ../clib/angel/sysapp.c                   0x00000000   Number         0  sys_exit.o ABSOLUTE
    ../clib/angel/sysapp.c                   0x00000000   Number         0  sys_io.o ABSOLUTE
    ../clib/angel/sysapp.c                   0x00000000   Number         0  sys_wrch.o ABSOLUTE
    ../clib/armsys.c                         0x00000000   Number         0  _get_argv.o ABSOLUTE
    ../clib/armsys.c                         0x00000000   Number         0  _get_argv_nomalloc.o ABSOLUTE
    ../clib/armsys.c                         0x00000000   Number         0  argv_veneer.o ABSOLUTE
    ../clib/armsys.c                         0x00000000   Number         0  argv_veneer.o ABSOLUTE
    ../clib/armsys.c                         0x00000000   Number         0  no_argv.o ABSOLUTE
    ../clib/assert.c                         0x00000000   Number         0  assert_stdio.o ABSOLUTE
    ../clib/bigflt.c                         0x00000000   Number         0  bigflt0.o ABSOLUTE
    ../clib/btod.s                           0x00000000   Number         0  btod.o ABSOLUTE
    ../clib/heap1.c                          0x00000000   Number         0  h1_final_mt.o ABSOLUTE
    ../clib/heap1.c                          0x00000000   Number         0  h1_final.o ABSOLUTE
    ../clib/heap1.c                          0x00000000   Number         0  h1_extend_mt.o ABSOLUTE
    ../clib/heap1.c                          0x00000000   Number         0  h1_init_mt.o ABSOLUTE
    ../clib/heap1.c                          0x00000000   Number         0  h1_alloc_mt.o ABSOLUTE
    ../clib/heap1.c                          0x00000000   Number         0  h1_extend.o ABSOLUTE
    ../clib/heap1.c                          0x00000000   Number         0  h1_init.o ABSOLUTE
    ../clib/heap1.c                          0x00000000   Number         0  h1_free_mt.o ABSOLUTE
    ../clib/heap1.c                          0x00000000   Number         0  h1_free.o ABSOLUTE
    ../clib/heap1.c                          0x00000000   Number         0  h1_alloc.o ABSOLUTE
    ../clib/heap2.c                          0x00000000   Number         0  heap2mt.o ABSOLUTE
    ../clib/heap2.c                          0x00000000   Number         0  heap2.o ABSOLUTE
    ../clib/heap2.c                          0x00000000   Number         0  fdtree.o ABSOLUTE
    ../clib/heapalloc.c                      0x00000000   Number         0  maybetermalloc1.o ABSOLUTE
    ../clib/heapalloc.c                      0x00000000   Number         0  maybetermalloc1.o ABSOLUTE
    ../clib/heapalloc.c                      0x00000000   Number         0  heapstubs.o ABSOLUTE
    ../clib/heapalloc.c                      0x00000000   Number         0  malloc.o ABSOLUTE
    ../clib/heapalloc.c                      0x00000000   Number         0  init_alloc.o ABSOLUTE
    ../clib/heapalloc.c                      0x00000000   Number         0  hguard.o ABSOLUTE
    ../clib/heapalloc.c                      0x00000000   Number         0  free.o ABSOLUTE
    ../clib/heapalloc.c                      0x00000000   Number         0  term_alloc.o ABSOLUTE
    ../clib/heapalloc.c                      0x00000000   Number         0  maybetermalloc2.o ABSOLUTE
    ../clib/heapalloc.c                      0x00000000   Number         0  maybetermalloc2.o ABSOLUTE
    ../clib/heapalloc.c                      0x00000000   Number         0  hrguard.o ABSOLUTE
    ../clib/heapaux.c                        0x00000000   Number         0  heapauxa.o ABSOLUTE
    ../clib/heapaux.c                        0x00000000   Number         0  heapauxi.o ABSOLUTE
    ../clib/libinit.s                        0x00000000   Number         0  libinit.o ABSOLUTE
    ../clib/libinit.s                        0x00000000   Number         0  libinit2.o ABSOLUTE
    ../clib/libinit.s                        0x00000000   Number         0  libshutdown2.o ABSOLUTE
    ../clib/libinit.s                        0x00000000   Number         0  libshutdown.o ABSOLUTE
    ../clib/locale.s                         0x00000000   Number         0  lc_numeric_c.o ABSOLUTE
    ../clib/longlong.s                       0x00000000   Number         0  lludiv10.o ABSOLUTE
    ../clib/memcpset.s                       0x00000000   Number         0  rt_memclr_w.o ABSOLUTE
    ../clib/memcpset.s                       0x00000000   Number         0  strcmpv7m.o ABSOLUTE
    ../clib/memcpset.s                       0x00000000   Number         0  rt_memcpy_v6.o ABSOLUTE
    ../clib/memcpset.s                       0x00000000   Number         0  rt_memcpy_w.o ABSOLUTE
    ../clib/printf.c                         0x00000000   Number         0  __printf_flags_ss.o ABSOLUTE
    ../clib/printf.c                         0x00000000   Number         0  __printf_nopercent.o ABSOLUTE
    ../clib/printf.c                         0x00000000   Number         0  __printf_flags_ss_wp.o ABSOLUTE
    ../clib/printf.c                         0x00000000   Number         0  _printf_char.o ABSOLUTE
    ../clib/printf.c                         0x00000000   Number         0  __printf_ss_wp.o ABSOLUTE
    ../clib/printf.c                         0x00000000   Number         0  __printf_flags_wp.o ABSOLUTE
    ../clib/printf.c                         0x00000000   Number         0  __printf_wp.o ABSOLUTE
    ../clib/printf.c                         0x00000000   Number         0  _printf_fp_dec.o ABSOLUTE
    ../clib/printf.c                         0x00000000   Number         0  _printf_char_common.o ABSOLUTE
    ../clib/printf.c                         0x00000000   Number         0  _printf_fp_infnan.o ABSOLUTE
    ../clib/printf.c                         0x00000000   Number         0  _printf_char_file_locked.o ABSOLUTE
    ../clib/printf.c                         0x00000000   Number         0  __printf.o ABSOLUTE
    ../clib/printf.c                         0x00000000   Number         0  __2printf.o ABSOLUTE
    ../clib/printf.c                         0x00000000   Number         0  _printf_str.o ABSOLUTE
    ../clib/printf.c                         0x00000000   Number         0  noretval__2printf.o ABSOLUTE
    ../clib/printf.c                         0x00000000   Number         0  _printf_dec.o ABSOLUTE
    ../clib/printf.c                         0x00000000   Number         0  _printf_hex_ll.o ABSOLUTE
    ../clib/printf.c                         0x00000000   Number         0  _printf_hex_int.o ABSOLUTE
    ../clib/printf.c                         0x00000000   Number         0  _printf_hex_int_ll.o ABSOLUTE
    ../clib/printf.c                         0x00000000   Number         0  _printf_hex_ptr.o ABSOLUTE
    ../clib/printf.c                         0x00000000   Number         0  _printf_hex_int_ptr.o ABSOLUTE
    ../clib/printf.c                         0x00000000   Number         0  _printf_hex_ll_ptr.o ABSOLUTE
    ../clib/printf.c                         0x00000000   Number         0  _printf_hex_int_ll_ptr.o ABSOLUTE
    ../clib/printf.c                         0x00000000   Number         0  __printf_flags.o ABSOLUTE
    ../clib/printf.c                         0x00000000   Number         0  __printf_ss.o ABSOLUTE
    ../clib/printf.c                         0x00000000   Number         0  _printf_intcommon.o ABSOLUTE
    ../clib/printf.c                         0x00000000   Number         0  _printf_char_file.o ABSOLUTE
    ../clib/printf_percent.s                 0x00000000   Number         0  _printf_d.o ABSOLUTE
    ../clib/printf_percent.s                 0x00000000   Number         0  _printf_x.o ABSOLUTE
    ../clib/printf_percent.s                 0x00000000   Number         0  _printf_f.o ABSOLUTE
    ../clib/printf_percent.s                 0x00000000   Number         0  _printf_percent.o ABSOLUTE
    ../clib/printf_percent.s                 0x00000000   Number         0  _printf_percent_end.o ABSOLUTE
    ../clib/printf_percent.s                 0x00000000   Number         0  _printf_s.o ABSOLUTE
    ../clib/signal.c                         0x00000000   Number         0  defsig_abrt_inner.o ABSOLUTE
    ../clib/signal.c                         0x00000000   Number         0  defsig_other.o ABSOLUTE
    ../clib/signal.c                         0x00000000   Number         0  defsig_segv_inner.o ABSOLUTE
    ../clib/signal.c                         0x00000000   Number         0  defsig_cppl_inner.o ABSOLUTE
    ../clib/signal.c                         0x00000000   Number         0  defsig_pvfn_inner.o ABSOLUTE
    ../clib/signal.c                         0x00000000   Number         0  defsig_stak_inner.o ABSOLUTE
    ../clib/signal.c                         0x00000000   Number         0  defsig_fpe_inner.o ABSOLUTE
    ../clib/signal.c                         0x00000000   Number         0  defsig_rtmem_formal.o ABSOLUTE
    ../clib/signal.c                         0x00000000   Number         0  defsig_rtred_inner.o ABSOLUTE
    ../clib/signal.c                         0x00000000   Number         0  defsig_rtmem_inner.o ABSOLUTE
    ../clib/signal.c                         0x00000000   Number         0  defsig_exit.o ABSOLUTE
    ../clib/signal.c                         0x00000000   Number         0  defsig_rtmem_outer.o ABSOLUTE
    ../clib/signal.c                         0x00000000   Number         0  __raise.o ABSOLUTE
    ../clib/signal.c                         0x00000000   Number         0  defsig_rtred_formal.o ABSOLUTE
    ../clib/signal.c                         0x00000000   Number         0  defsig_rtred_outer.o ABSOLUTE
    ../clib/signal.c                         0x00000000   Number         0  defsig_general.o ABSOLUTE
    ../clib/signal.s                         0x00000000   Number         0  defsig.o ABSOLUTE
    ../clib/stdio.c                          0x00000000   Number         0  fseek.o ABSOLUTE
    ../clib/stdio.c                          0x00000000   Number         0  ferror.o ABSOLUTE
    ../clib/stdio.c                          0x00000000   Number         0  fputc.o ABSOLUTE
    ../clib/stdio.c                          0x00000000   Number         0  initio.o ABSOLUTE
    ../clib/stdio.c                          0x00000000   Number         0  fputc_locked.o ABSOLUTE
    ../clib/stdio.c                          0x00000000   Number         0  ferror_locked.o ABSOLUTE
    ../clib/stdio.c                          0x00000000   Number         0  stdio.o ABSOLUTE
    ../clib/stdio.c                          0x00000000   Number         0  fwritefast.o ABSOLUTE
    ../clib/stdio.c                          0x00000000   Number         0  fwritefast_locked.o ABSOLUTE
    ../clib/stdio.c                          0x00000000   Number         0  initio_locked.o ABSOLUTE
    ../clib/stdio.c                          0x00000000   Number         0  flsbuf.o ABSOLUTE
    ../clib/stdio.c                          0x00000000   Number         0  fflush.o ABSOLUTE
    ../clib/stdio.c                          0x00000000   Number         0  fputs.o ABSOLUTE
    ../clib/stdio.c                          0x00000000   Number         0  ftell.o ABSOLUTE
    ../clib/stdio.c                          0x00000000   Number         0  fputs_locked.o ABSOLUTE
    ../clib/stdio.c                          0x00000000   Number         0  setvbuf_locked.o ABSOLUTE
    ../clib/stdio.c                          0x00000000   Number         0  fclose.o ABSOLUTE
    ../clib/stdio.c                          0x00000000   Number         0  fopen.o ABSOLUTE
    ../clib/stdio.c                          0x00000000   Number         0  fopen_locked.o ABSOLUTE
    ../clib/stdio.c                          0x00000000   Number         0  stdio_streams.o ABSOLUTE
    ../clib/stdio.c                          0x00000000   Number         0  streamlock.o ABSOLUTE
    ../clib/stdio.c                          0x00000000   Number         0  setvbuf.o ABSOLUTE
    ../clib/stdio.c                          0x00000000   Number         0  fflush_locked.o ABSOLUTE
    ../clib/stdlib.c                         0x00000000   Number         0  exit.o ABSOLUTE
    ../clib/string.c                         0x00000000   Number         0  strlen.o ABSOLUTE
    ../clib/wchar.c                          0x00000000   Number         0  flsbuf_fwide.o ABSOLUTE
    ../fplib/dretinf.s                       0x00000000   Number         0  dretinf.o ABSOLUTE
    ../fplib/f2d.s                           0x00000000   Number         0  f2d.o ABSOLUTE
    ../fplib/fnaninf.s                       0x00000000   Number         0  fnaninf.o ABSOLUTE
    ../fplib/fpinit.s                        0x00000000   Number         0  fpinit.o ABSOLUTE
    ../fplib/istatus.s                       0x00000000   Number         0  istatus.o ABSOLUTE
    ../fplib/printf1.s                       0x00000000   Number         0  printf1.o ABSOLUTE
    ../fplib/usenofp.s                       0x00000000   Number         0  usenofp.o ABSOLUTE
    ../mathlib/fpclassify.c                  0x00000000   Number         0  fpclassify.o ABSOLUTE
    dc.s                                     0x00000000   Number         0  dc.o ABSOLUTE
    main.c                                   0x00000000   Number         0  main.o ABSOLUTE
    startup_1986be9x.s                       0x00000000   Number         0  startup_1986be9x.o ABSOLUTE
    system_1986BE9x.c                        0x00000000   Number         0  system_1986be9x.o ABSOLUTE
    RESET                                    0x08000000   Section      192  startup_1986be9x.o(RESET)
    !!!main                                  0x080000c0   Section        8  __main.o(!!!main)
    !!!scatter                               0x080000c8   Section       52  __scatter.o(!!!scatter)
    !!handler_copy                           0x080000fc   Section       26  __scatter_copy.o(!!handler_copy)
    !!handler_zi                             0x08000118   Section       28  __scatter_zi.o(!!handler_zi)
    .ARM.Collect$$_printf_percent$$00000000  0x08000134   Section        0  _printf_percent.o(.ARM.Collect$$_printf_percent$$00000000)
    .ARM.Collect$$_printf_percent$$00000003  0x08000134   Section        6  _printf_f.o(.ARM.Collect$$_printf_percent$$00000003)
    .ARM.Collect$$_printf_percent$$00000009  0x0800013a   Section        6  _printf_d.o(.ARM.Collect$$_printf_percent$$00000009)
    .ARM.Collect$$_printf_percent$$0000000C  0x08000140   Section        6  _printf_x.o(.ARM.Collect$$_printf_percent$$0000000C)
    .ARM.Collect$$_printf_percent$$00000014  0x08000146   Section        6  _printf_s.o(.ARM.Collect$$_printf_percent$$00000014)
    .ARM.Collect$$_printf_percent$$00000017  0x0800014c   Section        4  _printf_percent_end.o(.ARM.Collect$$_printf_percent$$00000017)
    .ARM.Collect$$libinit$$00000000          0x08000150   Section        2  libinit.o(.ARM.Collect$$libinit$$00000000)
    .ARM.Collect$$libinit$$00000002          0x08000152   Section        0  libinit2.o(.ARM.Collect$$libinit$$00000002)
    .ARM.Collect$$libinit$$00000004          0x08000152   Section        0  libinit2.o(.ARM.Collect$$libinit$$00000004)
    .ARM.Collect$$libinit$$00000005          0x08000152   Section        8  libinit2.o(.ARM.Collect$$libinit$$00000005)
    .ARM.Collect$$libinit$$0000000A          0x0800015a   Section        0  libinit2.o(.ARM.Collect$$libinit$$0000000A)
    .ARM.Collect$$libinit$$0000000C          0x0800015a   Section        0  libinit2.o(.ARM.Collect$$libinit$$0000000C)
    .ARM.Collect$$libinit$$0000000E          0x0800015a   Section        0  libinit2.o(.ARM.Collect$$libinit$$0000000E)
    .ARM.Collect$$libinit$$0000000F          0x0800015a   Section        6  libinit2.o(.ARM.Collect$$libinit$$0000000F)
    .ARM.Collect$$libinit$$00000011          0x08000160   Section        0  libinit2.o(.ARM.Collect$$libinit$$00000011)
    .ARM.Collect$$libinit$$00000013          0x08000160   Section        0  libinit2.o(.ARM.Collect$$libinit$$00000013)
    .ARM.Collect$$libinit$$00000015          0x08000160   Section        0  libinit2.o(.ARM.Collect$$libinit$$00000015)
    .ARM.Collect$$libinit$$00000016          0x08000160   Section       10  libinit2.o(.ARM.Collect$$libinit$$00000016)
    .ARM.Collect$$libinit$$00000017          0x0800016a   Section        0  libinit2.o(.ARM.Collect$$libinit$$00000017)
    .ARM.Collect$$libinit$$00000019          0x0800016a   Section        0  libinit2.o(.ARM.Collect$$libinit$$00000019)
    .ARM.Collect$$libinit$$0000001B          0x0800016a   Section        0  libinit2.o(.ARM.Collect$$libinit$$0000001B)
    .ARM.Collect$$libinit$$0000001D          0x0800016a   Section        0  libinit2.o(.ARM.Collect$$libinit$$0000001D)
    .ARM.Collect$$libinit$$0000001F          0x0800016a   Section        0  libinit2.o(.ARM.Collect$$libinit$$0000001F)
    .ARM.Collect$$libinit$$00000021          0x0800016a   Section        0  libinit2.o(.ARM.Collect$$libinit$$00000021)
    .ARM.Collect$$libinit$$00000023          0x0800016a   Section        0  libinit2.o(.ARM.Collect$$libinit$$00000023)
    .ARM.Collect$$libinit$$00000024          0x0800016a   Section        4  libinit2.o(.ARM.Collect$$libinit$$00000024)
    .ARM.Collect$$libinit$$00000025          0x0800016e   Section        0  libinit2.o(.ARM.Collect$$libinit$$00000025)
    .ARM.Collect$$libinit$$0000002C          0x0800016e   Section        0  libinit2.o(.ARM.Collect$$libinit$$0000002C)
    .ARM.Collect$$libinit$$0000002E          0x0800016e   Section        0  libinit2.o(.ARM.Collect$$libinit$$0000002E)
    .ARM.Collect$$libinit$$00000030          0x0800016e   Section        0  libinit2.o(.ARM.Collect$$libinit$$00000030)
    .ARM.Collect$$libinit$$00000032          0x0800016e   Section        0  libinit2.o(.ARM.Collect$$libinit$$00000032)
    .ARM.Collect$$libinit$$00000033          0x0800016e   Section        2  libinit2.o(.ARM.Collect$$libinit$$00000033)
    .ARM.Collect$$libshutdown$$00000000      0x08000170   Section        2  libshutdown.o(.ARM.Collect$$libshutdown$$00000000)
    .ARM.Collect$$libshutdown$$00000002      0x08000172   Section        0  libshutdown2.o(.ARM.Collect$$libshutdown$$00000002)
    .ARM.Collect$$libshutdown$$00000003      0x08000172   Section        4  libshutdown2.o(.ARM.Collect$$libshutdown$$00000003)
    .ARM.Collect$$libshutdown$$00000004      0x08000176   Section        0  libshutdown2.o(.ARM.Collect$$libshutdown$$00000004)
    .ARM.Collect$$libshutdown$$00000007      0x08000176   Section        0  libshutdown2.o(.ARM.Collect$$libshutdown$$00000007)
    .ARM.Collect$$libshutdown$$0000000A      0x08000176   Section        0  libshutdown2.o(.ARM.Collect$$libshutdown$$0000000A)
    .ARM.Collect$$libshutdown$$0000000C      0x08000176   Section        0  libshutdown2.o(.ARM.Collect$$libshutdown$$0000000C)
    .ARM.Collect$$libshutdown$$0000000F      0x08000176   Section        0  libshutdown2.o(.ARM.Collect$$libshutdown$$0000000F)
    .ARM.Collect$$libshutdown$$00000010      0x08000176   Section        2  libshutdown2.o(.ARM.Collect$$libshutdown$$00000010)
    .ARM.Collect$$rtentry$$00000000          0x08000178   Section        0  __rtentry.o(.ARM.Collect$$rtentry$$00000000)
    .ARM.Collect$$rtentry$$00000002          0x08000178   Section        0  __rtentry2.o(.ARM.Collect$$rtentry$$00000002)
    .ARM.Collect$$rtentry$$00000004          0x08000178   Section        6  __rtentry4.o(.ARM.Collect$$rtentry$$00000004)
    .ARM.Collect$$rtentry$$00000009          0x0800017e   Section        0  __rtentry2.o(.ARM.Collect$$rtentry$$00000009)
    .ARM.Collect$$rtentry$$0000000A          0x0800017e   Section        4  __rtentry2.o(.ARM.Collect$$rtentry$$0000000A)
    .ARM.Collect$$rtentry$$0000000C          0x08000182   Section        0  __rtentry2.o(.ARM.Collect$$rtentry$$0000000C)
    .ARM.Collect$$rtentry$$0000000D          0x08000182   Section        8  __rtentry2.o(.ARM.Collect$$rtentry$$0000000D)
    .ARM.Collect$$rtexit$$00000000           0x0800018a   Section        2  rtexit.o(.ARM.Collect$$rtexit$$00000000)
    .ARM.Collect$$rtexit$$00000002           0x0800018c   Section        0  rtexit2.o(.ARM.Collect$$rtexit$$00000002)
    .ARM.Collect$$rtexit$$00000003           0x0800018c   Section        4  rtexit2.o(.ARM.Collect$$rtexit$$00000003)
    .ARM.Collect$$rtexit$$00000004           0x08000190   Section        6  rtexit2.o(.ARM.Collect$$rtexit$$00000004)
    .emb_text                                0x08000198   Section        0  maybetermalloc1.o(.emb_text)
    .text                                    0x08000198   Section       64  startup_1986be9x.o(.text)
    .text                                    0x080001d8   Section        0  noretval__2printf.o(.text)
    .text                                    0x080001f0   Section        0  __printf.o(.text)
    .text                                    0x08000258   Section        0  _printf_str.o(.text)
    .text                                    0x080002ac   Section        0  _printf_dec.o(.text)
    .text                                    0x08000324   Section        0  _printf_hex_int.o(.text)
    .text                                    0x0800037c   Section        0  heapauxi.o(.text)
    .text                                    0x08000382   Section        0  _printf_intcommon.o(.text)
    .text                                    0x08000434   Section        0  _printf_fp_dec.o(.text)
    _fp_digits                               0x08000437   Thumb Code   428  _printf_fp_dec.o(.text)
    .text                                    0x0800084e   Section        0  _printf_char.o(.text)
    .text                                    0x0800087c   Section        0  _printf_char_file.o(.text)
    .text                                    0x080008a0   Section        8  rt_locale_intlibspace.o(.text)
    .text                                    0x080008a8   Section      138  lludiv10.o(.text)
    .text                                    0x08000934   Section        0  _printf_char_common.o(.text)
    _printf_input_char                       0x08000935   Thumb Code    10  _printf_char_common.o(.text)
    .text                                    0x08000964   Section        0  _printf_fp_infnan.o(.text)
    .text                                    0x080009e4   Section        0  bigflt0.o(.text)
    .text                                    0x08000ac0   Section        0  ferror.o(.text)
    .text                                    0x08000ac8   Section        0  initio.o(.text)
    .text                                    0x08000c00   Section        0  sys_io.o(.text)
    .text                                    0x08000c68   Section        8  libspace.o(.text)
    .text                                    0x08000c70   Section       74  sys_stackheap_outer.o(.text)
    .text                                    0x08000cba   Section        0  h1_free.o(.text)
    .text                                    0x08000d08   Section        0  flsbuf.o(.text)
    .text                                    0x08000ede   Section        0  setvbuf.o(.text)
    .text                                    0x08000f24   Section        0  fopen.o(.text)
    _freopen_locked                          0x08000f25   Thumb Code     0  fopen.o(.text)
    .text                                    0x08001010   Section        0  fclose.o(.text)
    .text                                    0x0800105c   Section        0  exit.o(.text)
    .text                                    0x0800106e   Section        0  defsig_rtred_outer.o(.text)
    .text                                    0x0800107c   Section       78  rt_memclr_w.o(.text)
    .text                                    0x080010cc   Section      128  strcmpv7m.o(.text)
    .text                                    0x0800114c   Section        2  use_no_semi.o(.text)
    .text                                    0x0800114e   Section        0  indicate_semi.o(.text)
    .text                                    0x08001150   Section        8  rt_heap_descriptor_intlibspace.o(.text)
    .text                                    0x08001158   Section        0  hguard.o(.text)
    .text                                    0x0800115c   Section        0  init_alloc.o(.text)
    .text                                    0x080011e6   Section        0  h1_alloc.o(.text)
    .text                                    0x08001244   Section        0  fseek.o(.text)
    .text                                    0x0800133c   Section        0  stdio.o(.text)
    .text                                    0x0800142c   Section        0  defsig_exit.o(.text)
    .text                                    0x08001438   Section        0  defsig_rtred_inner.o(.text)
    .text                                    0x0800146c   Section        0  strlen.o(.text)
    .text                                    0x080014ac   Section        0  sys_exit.o(.text)
    .text                                    0x080014b8   Section        0  h1_init.o(.text)
    .text                                    0x080014c6   Section        0  h1_extend.o(.text)
    .text                                    0x080014fa   Section        0  ftell.o(.text)
    .text                                    0x0800153c   Section        0  defsig_general.o(.text)
    .text                                    0x0800156e   Section        0  defsig_rtmem_outer.o(.text)
    .text                                    0x0800157c   Section        0  sys_wrch.o(.text)
    .text                                    0x0800158c   Section        8  rt_errno_addr_intlibspace.o(.text)
    .text                                    0x08001594   Section        0  defsig_rtmem_inner.o(.text)
    CL$$btod_d2e                             0x080015e4   Section       62  btod.o(CL$$btod_d2e)
    CL$$btod_d2e_denorm_low                  0x08001622   Section       70  btod.o(CL$$btod_d2e_denorm_low)
    CL$$btod_d2e_norm_op1                    0x08001668   Section       96  btod.o(CL$$btod_d2e_norm_op1)
    CL$$btod_div_common                      0x080016c8   Section      824  btod.o(CL$$btod_div_common)
    CL$$btod_e2e                             0x08001a00   Section      198  btod.o(CL$$btod_e2e)
    CL$$btod_ediv                            0x08001ac6   Section       40  btod.o(CL$$btod_ediv)
    CL$$btod_emul                            0x08001aee   Section       40  btod.o(CL$$btod_emul)
    CL$$btod_mult_common                     0x08001b16   Section      580  btod.o(CL$$btod_mult_common)
    i.InitUART                               0x08001d5c   Section        0  main.o(i.InitUART)
    i.SystemCoreClockUpdate                  0x08001d78   Section        0  system_1986be9x.o(i.SystemCoreClockUpdate)
    i.SystemInit                             0x08001e08   Section        0  system_1986be9x.o(i.SystemInit)
    i.__ARM_fpclassify                       0x08001e6c   Section        0  fpclassify.o(i.__ARM_fpclassify)
    i.fputc                                  0x08001e94   Section        0  fputc.o(i.fputc)
    i.main                                   0x08001eb0   Section        0  main.o(i.main)
    locale$$code                             0x08001f90   Section       44  lc_numeric_c.o(locale$$code)
    x$fpl$dretinf                            0x08001fbc   Section       12  dretinf.o(x$fpl$dretinf)
    x$fpl$f2d                                0x08001fc8   Section       86  f2d.o(x$fpl$f2d)
    x$fpl$fnaninf                            0x0800201e   Section      140  fnaninf.o(x$fpl$fnaninf)
    x$fpl$printf1                            0x080020aa   Section        4  printf1.o(x$fpl$printf1)
    .constdata                               0x080020ae   Section      144  main.o(.constdata)
    x$fpl$usenofp                            0x080020ae   Section        0  usenofp.o(x$fpl$usenofp)
    .constdata                               0x0800213e   Section       40  _printf_hex_int.o(.constdata)
    uc_hextab                                0x0800213e   Data          20  _printf_hex_int.o(.constdata)
    lc_hextab                                0x08002152   Data          20  _printf_hex_int.o(.constdata)
    .constdata                               0x08002168   Section      148  bigflt0.o(.constdata)
    tenpwrs_x                                0x08002168   Data          60  bigflt0.o(.constdata)
    tenpwrs_i                                0x080021a4   Data          64  bigflt0.o(.constdata)
    .constdata                               0x080021fc   Section        4  sys_io.o(.constdata)
    .constdata                               0x08002200   Section        4  sys_io.o(.constdata)
    .constdata                               0x08002204   Section        4  sys_io.o(.constdata)
    .conststring                             0x08002208   Section       20  main.o(.conststring)
    locale$$data                             0x0800223c   Section       28  lc_numeric_c.o(locale$$data)
    __lcnum_c_name                           0x08002240   Data           2  lc_numeric_c.o(locale$$data)
    __lcnum_c_start                          0x08002248   Data           0  lc_numeric_c.o(locale$$data)
    __lcnum_c_point                          0x08002254   Data           0  lc_numeric_c.o(locale$$data)
    __lcnum_c_thousands                      0x08002256   Data           0  lc_numeric_c.o(locale$$data)
    __lcnum_c_grouping                       0x08002257   Data           0  lc_numeric_c.o(locale$$data)
    __lcnum_c_end                            0x08002258   Data           0  lc_numeric_c.o(locale$$data)
    .data                                    0x20000000   Section        4  system_1986be9x.o(.data)
    .data                                    0x20000004   Section        4  stdio_streams.o(.data)
    .data                                    0x20000008   Section        4  stdio_streams.o(.data)
    .data                                    0x2000000c   Section        4  stdio_streams.o(.data)
    .bss                                     0x20000010   Section       84  stdio_streams.o(.bss)
    .bss                                     0x20000064   Section       84  stdio_streams.o(.bss)
    .bss                                     0x200000b8   Section       84  stdio_streams.o(.bss)
    .bss                                     0x2000010c   Section       96  libspace.o(.bss)
    HEAP                                     0x20000170   Section      512  startup_1986be9x.o(HEAP)
    Heap_Mem                                 0x20000170   Data         512  startup_1986be9x.o(HEAP)
    STACK                                    0x20000370   Section     1024  startup_1986be9x.o(STACK)
    Stack_Mem                                0x20000370   Data        1024  startup_1986be9x.o(STACK)
    __initial_sp                             0x20000770   Data           0  startup_1986be9x.o(STACK)

    Global Symbols

    Symbol Name                              Value     Ov Type        Size  Object(Section)

    BuildAttributes$$THM_ISAv4$P$D$K$B$S$PE$A:L22UL41UL21$X:L11$S22US41US21$IEEE1$IW$USESV6$~STKCKD$USESV7$~SHL$OTIME$ROPI$IEEEJ$EBA8$UX$STANDARDLIB$REQ8$PRES8$EABIv2 0x00000000   Number         0  anon$$obj.o ABSOLUTE
    __ARM_use_no_argv                        0x00000000   Number         0  main.o ABSOLUTE
    __ARM_exceptions_init                     - Undefined Weak Reference
    __alloca_initialize                       - Undefined Weak Reference
    __arm_preinit_                            - Undefined Weak Reference
    __cpp_initialize__aeabi_                  - Undefined Weak Reference
    __cxa_finalize                            - Undefined Weak Reference
    __sigvec_lookup                           - Undefined Weak Reference
    __user_heap_extent                        - Undefined Weak Reference
    _atexit_init                              - Undefined Weak Reference
    _call_atexit_fns                          - Undefined Weak Reference
    _clock_init                               - Undefined Weak Reference
    _fp_trap_init                             - Undefined Weak Reference
    _fp_trap_shutdown                         - Undefined Weak Reference
    _get_lc_collate                           - Undefined Weak Reference
    _get_lc_ctype                             - Undefined Weak Reference
    _get_lc_monetary                          - Undefined Weak Reference
    _get_lc_time                              - Undefined Weak Reference
    _getenv_init                              - Undefined Weak Reference
    _handle_redirection                       - Undefined Weak Reference
    _mutex_acquire                            - Undefined Weak Reference
    _mutex_free                               - Undefined Weak Reference
    _mutex_release                            - Undefined Weak Reference
    _printf_mbtowc                            - Undefined Weak Reference
    _printf_post_padding                      - Undefined Weak Reference
    _printf_pre_padding                       - Undefined Weak Reference
    _printf_truncate_signed                   - Undefined Weak Reference
    _printf_truncate_unsigned                 - Undefined Weak Reference
    _rand_init                                - Undefined Weak Reference
    _signal_finish                            - Undefined Weak Reference
    _signal_init                              - Undefined Weak Reference
    __Vectors_Size                           0x000000c0   Number         0  startup_1986be9x.o ABSOLUTE
    __Vectors                                0x08000000   Data           4  startup_1986be9x.o(RESET)
    __Vectors_End                            0x080000c0   Data           0  startup_1986be9x.o(RESET)
    __main                                   0x080000c1   Thumb Code     8  __main.o(!!!main)
    __scatterload                            0x080000c9   Thumb Code     0  __scatter.o(!!!scatter)
    __scatterload_rt2                        0x080000c9   Thumb Code    44  __scatter.o(!!!scatter)
    __scatterload_rt2_thumb_only             0x080000c9   Thumb Code     0  __scatter.o(!!!scatter)
    __scatterload_null                       0x080000d7   Thumb Code     0  __scatter.o(!!!scatter)
    __scatterload_copy                       0x080000fd   Thumb Code    26  __scatter_copy.o(!!handler_copy)
    __scatterload_zeroinit                   0x08000119   Thumb Code    28  __scatter_zi.o(!!handler_zi)
    _printf_f                                0x08000135   Thumb Code     0  _printf_f.o(.ARM.Collect$$_printf_percent$$00000003)
    _printf_percent                          0x08000135   Thumb Code     0  _printf_percent.o(.ARM.Collect$$_printf_percent$$00000000)
    _printf_d                                0x0800013b   Thumb Code     0  _printf_d.o(.ARM.Collect$$_printf_percent$$00000009)
    _printf_x                                0x08000141   Thumb Code     0  _printf_x.o(.ARM.Collect$$_printf_percent$$0000000C)
    _printf_s                                0x08000147   Thumb Code     0  _printf_s.o(.ARM.Collect$$_printf_percent$$00000014)
    _printf_percent_end                      0x0800014d   Thumb Code     0  _printf_percent_end.o(.ARM.Collect$$_printf_percent$$00000017)
    __rt_lib_init                            0x08000151   Thumb Code     0  libinit.o(.ARM.Collect$$libinit$$00000000)
    __rt_lib_init_fp_1                       0x08000153   Thumb Code     0  libinit2.o(.ARM.Collect$$libinit$$00000002)
    __rt_lib_init_heap_2                     0x08000153   Thumb Code     0  libinit2.o(.ARM.Collect$$libinit$$00000005)
    __rt_lib_init_preinit_1                  0x08000153   Thumb Code     0  libinit2.o(.ARM.Collect$$libinit$$00000004)
    __rt_lib_init_heap_1                     0x0800015b   Thumb Code     0  libinit2.o(.ARM.Collect$$libinit$$0000000A)
    __rt_lib_init_lc_common                  0x0800015b   Thumb Code     0  libinit2.o(.ARM.Collect$$libinit$$0000000F)
    __rt_lib_init_rand_1                     0x0800015b   Thumb Code     0  libinit2.o(.ARM.Collect$$libinit$$0000000E)
    __rt_lib_init_user_alloc_1               0x0800015b   Thumb Code     0  libinit2.o(.ARM.Collect$$libinit$$0000000C)
    __rt_lib_init_lc_collate_1               0x08000161   Thumb Code     0  libinit2.o(.ARM.Collect$$libinit$$00000011)
    __rt_lib_init_lc_ctype_1                 0x08000161   Thumb Code     0  libinit2.o(.ARM.Collect$$libinit$$00000013)
    __rt_lib_init_lc_monetary_1              0x08000161   Thumb Code     0  libinit2.o(.ARM.Collect$$libinit$$00000015)
    __rt_lib_init_lc_numeric_2               0x08000161   Thumb Code     0  libinit2.o(.ARM.Collect$$libinit$$00000016)
    __rt_lib_init_atexit_1                   0x0800016b   Thumb Code     0  libinit2.o(.ARM.Collect$$libinit$$0000001B)
    __rt_lib_init_clock_1                    0x0800016b   Thumb Code     0  libinit2.o(.ARM.Collect$$libinit$$00000021)
    __rt_lib_init_fp_trap_1                  0x0800016b   Thumb Code     0  libinit2.o(.ARM.Collect$$libinit$$0000001F)
    __rt_lib_init_getenv_1                   0x0800016b   Thumb Code     0  libinit2.o(.ARM.Collect$$libinit$$00000023)
    __rt_lib_init_lc_numeric_1               0x0800016b   Thumb Code     0  libinit2.o(.ARM.Collect$$libinit$$00000017)
    __rt_lib_init_lc_time_1                  0x0800016b   Thumb Code     0  libinit2.o(.ARM.Collect$$libinit$$00000019)
    __rt_lib_init_signal_1                   0x0800016b   Thumb Code     0  libinit2.o(.ARM.Collect$$libinit$$0000001D)
    __rt_lib_init_stdio_2                    0x0800016b   Thumb Code     0  libinit2.o(.ARM.Collect$$libinit$$00000024)
    __rt_lib_init_alloca_1                   0x0800016f   Thumb Code     0  libinit2.o(.ARM.Collect$$libinit$$0000002E)
    __rt_lib_init_argv_1                     0x0800016f   Thumb Code     0  libinit2.o(.ARM.Collect$$libinit$$0000002C)
    __rt_lib_init_cpp_1                      0x0800016f   Thumb Code     0  libinit2.o(.ARM.Collect$$libinit$$00000032)
    __rt_lib_init_exceptions_1               0x0800016f   Thumb Code     0  libinit2.o(.ARM.Collect$$libinit$$00000030)
    __rt_lib_init_return                     0x0800016f   Thumb Code     0  libinit2.o(.ARM.Collect$$libinit$$00000033)
    __rt_lib_init_stdio_1                    0x0800016f   Thumb Code     0  libinit2.o(.ARM.Collect$$libinit$$00000025)
    __rt_lib_shutdown                        0x08000171   Thumb Code     0  libshutdown.o(.ARM.Collect$$libshutdown$$00000000)
    __rt_lib_shutdown_cpp_1                  0x08000173   Thumb Code     0  libshutdown2.o(.ARM.Collect$$libshutdown$$00000002)
    __rt_lib_shutdown_stdio_2                0x08000173   Thumb Code     0  libshutdown2.o(.ARM.Collect$$libshutdown$$00000003)
    __rt_lib_shutdown_fp_trap_1              0x08000177   Thumb Code     0  libshutdown2.o(.ARM.Collect$$libshutdown$$00000007)
    __rt_lib_shutdown_heap_1                 0x08000177   Thumb Code     0  libshutdown2.o(.ARM.Collect$$libshutdown$$0000000F)
    __rt_lib_shutdown_return                 0x08000177   Thumb Code     0  libshutdown2.o(.ARM.Collect$$libshutdown$$00000010)
    __rt_lib_shutdown_signal_1               0x08000177   Thumb Code     0  libshutdown2.o(.ARM.Collect$$libshutdown$$0000000A)
    __rt_lib_shutdown_stdio_1                0x08000177   Thumb Code     0  libshutdown2.o(.ARM.Collect$$libshutdown$$00000004)
    __rt_lib_shutdown_user_alloc_1           0x08000177   Thumb Code     0  libshutdown2.o(.ARM.Collect$$libshutdown$$0000000C)
    __rt_entry                               0x08000179   Thumb Code     0  __rtentry.o(.ARM.Collect$$rtentry$$00000000)
    __rt_entry_presh_1                       0x08000179   Thumb Code     0  __rtentry2.o(.ARM.Collect$$rtentry$$00000002)
    __rt_entry_sh                            0x08000179   Thumb Code     0  __rtentry4.o(.ARM.Collect$$rtentry$$00000004)
    __rt_entry_li                            0x0800017f   Thumb Code     0  __rtentry2.o(.ARM.Collect$$rtentry$$0000000A)
    __rt_entry_postsh_1                      0x0800017f   Thumb Code     0  __rtentry2.o(.ARM.Collect$$rtentry$$00000009)
    __rt_entry_main                          0x08000183   Thumb Code     0  __rtentry2.o(.ARM.Collect$$rtentry$$0000000D)
    __rt_entry_postli_1                      0x08000183   Thumb Code     0  __rtentry2.o(.ARM.Collect$$rtentry$$0000000C)
    __rt_exit                                0x0800018b   Thumb Code     0  rtexit.o(.ARM.Collect$$rtexit$$00000000)
    __rt_exit_ls                             0x0800018d   Thumb Code     0  rtexit2.o(.ARM.Collect$$rtexit$$00000003)
    __rt_exit_prels_1                        0x0800018d   Thumb Code     0  rtexit2.o(.ARM.Collect$$rtexit$$00000002)
    __rt_exit_exit                           0x08000191   Thumb Code     0  rtexit2.o(.ARM.Collect$$rtexit$$00000004)
    Reset_Handler                            0x08000199   Thumb Code     8  startup_1986be9x.o(.text)
    _maybe_terminate_alloc                   0x08000199   Thumb Code     0  maybetermalloc1.o(.emb_text)
    NMI_Handler                              0x080001a1   Thumb Code     2  startup_1986be9x.o(.text)
    HardFault_Handler                        0x080001a3   Thumb Code     2  startup_1986be9x.o(.text)
    MemManage_Handler                        0x080001a5   Thumb Code     2  startup_1986be9x.o(.text)
    BusFault_Handler                         0x080001a7   Thumb Code     2  startup_1986be9x.o(.text)
    UsageFault_Handler                       0x080001a9   Thumb Code     2  startup_1986be9x.o(.text)
    SVC_Handler                              0x080001ab   Thumb Code     2  startup_1986be9x.o(.text)
    DebugMon_Handler                         0x080001ad   Thumb Code     2  startup_1986be9x.o(.text)
    PendSV_Handler                           0x080001af   Thumb Code     2  startup_1986be9x.o(.text)
    SysTick_Handler                          0x080001b1   Thumb Code     2  startup_1986be9x.o(.text)
    ADC_IRQHandler                           0x080001b3   Thumb Code     0  startup_1986be9x.o(.text)
    BACKUP_IRQHandler                        0x080001b3   Thumb Code     0  startup_1986be9x.o(.text)
    CAN1_IRQHandler                          0x080001b3   Thumb Code     0  startup_1986be9x.o(.text)
    CAN2_IRQHandler                          0x080001b3   Thumb Code     0  startup_1986be9x.o(.text)
    COMPARATOR_IRQHandler                    0x080001b3   Thumb Code     0  startup_1986be9x.o(.text)
    DMA_IRQHandler                           0x080001b3   Thumb Code     0  startup_1986be9x.o(.text)
    EXT_INT1_IRQHandler                      0x080001b3   Thumb Code     0  startup_1986be9x.o(.text)
    EXT_INT2_IRQHandler                      0x080001b3   Thumb Code     0  startup_1986be9x.o(.text)
    EXT_INT3_IRQHandler                      0x080001b3   Thumb Code     0  startup_1986be9x.o(.text)
    EXT_INT4_IRQHandler                      0x080001b3   Thumb Code     0  startup_1986be9x.o(.text)
    I2C_IRQHandler                           0x080001b3   Thumb Code     0  startup_1986be9x.o(.text)
    POWER_IRQHandler                         0x080001b3   Thumb Code     0  startup_1986be9x.o(.text)
    SSP1_IRQHandler                          0x080001b3   Thumb Code     0  startup_1986be9x.o(.text)
    SSP2_IRQHandler                          0x080001b3   Thumb Code     0  startup_1986be9x.o(.text)
    Timer1_IRQHandler                        0x080001b3   Thumb Code     0  startup_1986be9x.o(.text)
    Timer2_IRQHandler                        0x080001b3   Thumb Code     0  startup_1986be9x.o(.text)
    Timer3_IRQHandler                        0x080001b3   Thumb Code     0  startup_1986be9x.o(.text)
    UART1_IRQHandler                         0x080001b3   Thumb Code     0  startup_1986be9x.o(.text)
    UART2_IRQHandler                         0x080001b3   Thumb Code     0  startup_1986be9x.o(.text)
    USB_IRQHandler                           0x080001b3   Thumb Code     0  startup_1986be9x.o(.text)
    WWDG_IRQHandler                          0x080001b3   Thumb Code     0  startup_1986be9x.o(.text)
    __user_initial_stackheap                 0x080001b5   Thumb Code     0  startup_1986be9x.o(.text)
    __2printf                                0x080001d9   Thumb Code    20  noretval__2printf.o(.text)
    __printf                                 0x080001f1   Thumb Code   104  __printf.o(.text)
    _printf_str                              0x08000259   Thumb Code    82  _printf_str.o(.text)
    _printf_int_dec                          0x080002ad   Thumb Code   104  _printf_dec.o(.text)
    _printf_int_hex                          0x08000325   Thumb Code    84  _printf_hex_int.o(.text)
    _printf_longlong_hex                     0x08000325   Thumb Code     0  _printf_hex_int.o(.text)
    __use_two_region_memory                  0x0800037d   Thumb Code     2  heapauxi.o(.text)
    __rt_heap_escrow                         0x0800037f   Thumb Code     2  heapauxi.o(.text)
    __rt_heap_expand                         0x08000381   Thumb Code     2  heapauxi.o(.text)
    _printf_int_common                       0x08000383   Thumb Code   178  _printf_intcommon.o(.text)
    __lib_sel_fp_printf                      0x08000435   Thumb Code     2  _printf_fp_dec.o(.text)
    _printf_fp_dec_real                      0x080005e3   Thumb Code   620  _printf_fp_dec.o(.text)
    _printf_cs_common                        0x0800084f   Thumb Code    20  _printf_char.o(.text)
    _printf_char                             0x08000863   Thumb Code    16  _printf_char.o(.text)
    _printf_string                           0x08000873   Thumb Code     8  _printf_char.o(.text)
    _printf_char_file                        0x0800087d   Thumb Code    32  _printf_char_file.o(.text)
    __rt_locale                              0x080008a1   Thumb Code     8  rt_locale_intlibspace.o(.text)
    _ll_udiv10                               0x080008a9   Thumb Code   138  lludiv10.o(.text)
    _printf_char_common                      0x0800093f   Thumb Code    32  _printf_char_common.o(.text)
    _printf_fp_infnan                        0x08000965   Thumb Code   112  _printf_fp_infnan.o(.text)
    _btod_etento                             0x080009e5   Thumb Code   216  bigflt0.o(.text)
    ferror                                   0x08000ac1   Thumb Code     8  ferror.o(.text)
    _initio                                  0x08000ac9   Thumb Code   210  initio.o(.text)
    _terminateio                             0x08000b9b   Thumb Code    56  initio.o(.text)
    _sys_open                                0x08000c01   Thumb Code    20  sys_io.o(.text)
    _sys_close                               0x08000c15   Thumb Code    12  sys_io.o(.text)
    _sys_write                               0x08000c21   Thumb Code    16  sys_io.o(.text)
    _sys_read                                0x08000c31   Thumb Code    14  sys_io.o(.text)
    _sys_istty                               0x08000c3f   Thumb Code    12  sys_io.o(.text)
    _sys_seek                                0x08000c4b   Thumb Code    14  sys_io.o(.text)
    _sys_ensure                              0x08000c59   Thumb Code     2  sys_io.o(.text)
    _sys_flen                                0x08000c5b   Thumb Code    12  sys_io.o(.text)
    __user_libspace                          0x08000c69   Thumb Code     8  libspace.o(.text)
    __user_perproc_libspace                  0x08000c69   Thumb Code     0  libspace.o(.text)
    __user_perthread_libspace                0x08000c69   Thumb Code     0  libspace.o(.text)
    __user_setup_stackheap                   0x08000c71   Thumb Code    74  sys_stackheap_outer.o(.text)
    free                                     0x08000cbb   Thumb Code    78  h1_free.o(.text)
    __flsbuf                                 0x08000d09   Thumb Code   470  flsbuf.o(.text)
    __flsbuf_byte                            0x08000d09   Thumb Code     0  flsbuf.o(.text)
    __flsbuf_wide                            0x08000d09   Thumb Code     0  flsbuf.o(.text)
    setvbuf                                  0x08000edf   Thumb Code    70  setvbuf.o(.text)
    freopen                                  0x08000f25   Thumb Code   158  fopen.o(.text)
    fopen                                    0x08000fc3   Thumb Code    74  fopen.o(.text)
    _fclose_internal                         0x08001011   Thumb Code    76  fclose.o(.text)
    fclose                                   0x08001011   Thumb Code     0  fclose.o(.text)
    exit                                     0x0800105d   Thumb Code    18  exit.o(.text)
    __rt_SIGRTRED                            0x0800106f   Thumb Code    14  defsig_rtred_outer.o(.text)
    __aeabi_memclr4                          0x0800107d   Thumb Code     0  rt_memclr_w.o(.text)
    __aeabi_memclr8                          0x0800107d   Thumb Code     0  rt_memclr_w.o(.text)
    __rt_memclr_w                            0x0800107d   Thumb Code    78  rt_memclr_w.o(.text)
    _memset_w                                0x08001081   Thumb Code     0  rt_memclr_w.o(.text)
    strcmp                                   0x080010cd   Thumb Code   128  strcmpv7m.o(.text)
    __I$use$semihosting                      0x0800114d   Thumb Code     0  use_no_semi.o(.text)
    __use_no_semihosting_swi                 0x0800114d   Thumb Code     2  use_no_semi.o(.text)
    __semihosting_library_function           0x0800114f   Thumb Code     0  indicate_semi.o(.text)
    __rt_heap_descriptor                     0x08001151   Thumb Code     8  rt_heap_descriptor_intlibspace.o(.text)
    __use_no_heap                            0x08001159   Thumb Code     2  hguard.o(.text)
    __heap$guard                             0x0800115b   Thumb Code     2  hguard.o(.text)
    _terminate_user_alloc                    0x0800115d   Thumb Code     2  init_alloc.o(.text)
    _init_user_alloc                         0x0800115f   Thumb Code     2  init_alloc.o(.text)
    __Heap_Full                              0x08001161   Thumb Code    34  init_alloc.o(.text)
    __Heap_Broken                            0x08001183   Thumb Code     6  init_alloc.o(.text)
    _init_alloc                              0x08001189   Thumb Code    94  init_alloc.o(.text)
    malloc                                   0x080011e7   Thumb Code    94  h1_alloc.o(.text)
    _fseek                                   0x08001245   Thumb Code   242  fseek.o(.text)
    fseek                                    0x08001245   Thumb Code     0  fseek.o(.text)
    _seterr                                  0x0800133d   Thumb Code    20  stdio.o(.text)
    _writebuf                                0x08001351   Thumb Code    84  stdio.o(.text)
    _fflush                                  0x080013a5   Thumb Code    70  stdio.o(.text)
    _deferredlazyseek                        0x080013eb   Thumb Code    60  stdio.o(.text)
    __sig_exit                               0x0800142d   Thumb Code    10  defsig_exit.o(.text)
    __rt_SIGRTRED_inner                      0x08001439   Thumb Code    14  defsig_rtred_inner.o(.text)
    strlen                                   0x0800146d   Thumb Code    62  strlen.o(.text)
    _sys_exit                                0x080014ad   Thumb Code     8  sys_exit.o(.text)
    __Heap_Initialize                        0x080014b9   Thumb Code    10  h1_init.o(.text)
    __Heap_DescSize                          0x080014c3   Thumb Code     4  h1_init.o(.text)
    __Heap_ProvideMemory                     0x080014c7   Thumb Code    52  h1_extend.o(.text)
    _ftell_internal                          0x080014fb   Thumb Code    66  ftell.o(.text)
    ftell                                    0x080014fb   Thumb Code     0  ftell.o(.text)
    __default_signal_display                 0x0800153d   Thumb Code    50  defsig_general.o(.text)
    __rt_SIGRTMEM                            0x0800156f   Thumb Code    14  defsig_rtmem_outer.o(.text)
    _ttywrch                                 0x0800157d   Thumb Code    14  sys_wrch.o(.text)
    __aeabi_errno_addr                       0x0800158d   Thumb Code     8  rt_errno_addr_intlibspace.o(.text)
    __errno$intlibspace                      0x0800158d   Thumb Code     0  rt_errno_addr_intlibspace.o(.text)
    __rt_errno_addr$intlibspace              0x0800158d   Thumb Code     0  rt_errno_addr_intlibspace.o(.text)
    __rt_SIGRTMEM_inner                      0x08001595   Thumb Code    22  defsig_rtmem_inner.o(.text)
    _btod_d2e                                0x080015e5   Thumb Code    62  btod.o(CL$$btod_d2e)
    _d2e_denorm_low                          0x08001623   Thumb Code    70  btod.o(CL$$btod_d2e_denorm_low)
    _d2e_norm_op1                            0x08001669   Thumb Code    96  btod.o(CL$$btod_d2e_norm_op1)
    __btod_div_common                        0x080016c9   Thumb Code   696  btod.o(CL$$btod_div_common)
    _e2e                                     0x08001a01   Thumb Code   198  btod.o(CL$$btod_e2e)
    _btod_ediv                               0x08001ac7   Thumb Code    40  btod.o(CL$$btod_ediv)
    _btod_emul                               0x08001aef   Thumb Code    40  btod.o(CL$$btod_emul)
    __btod_mult_common                       0x08001b17   Thumb Code   580  btod.o(CL$$btod_mult_common)
    InitUART                                 0x08001d5d   Thumb Code    14  main.o(i.InitUART)
    SystemCoreClockUpdate                    0x08001d79   Thumb Code   130  system_1986be9x.o(i.SystemCoreClockUpdate)
    SystemInit                               0x08001e09   Thumb Code    86  system_1986be9x.o(i.SystemInit)
    __ARM_fpclassify                         0x08001e6d   Thumb Code    40  fpclassify.o(i.__ARM_fpclassify)
    fputc                                    0x08001e95   Thumb Code    26  fputc.o(i.fputc)
    main                                     0x08001eb1   Thumb Code   106  main.o(i.main)
    _get_lc_numeric                          0x08001f91   Thumb Code    44  lc_numeric_c.o(locale$$code)
    __fpl_dretinf                            0x08001fbd   Thumb Code    12  dretinf.o(x$fpl$dretinf)
    __aeabi_f2d                              0x08001fc9   Thumb Code     0  f2d.o(x$fpl$f2d)
    _f2d                                     0x08001fc9   Thumb Code    86  f2d.o(x$fpl$f2d)
    __fpl_fnaninf                            0x0800201f   Thumb Code   140  fnaninf.o(x$fpl$fnaninf)
    _printf_fp_dec                           0x080020ab   Thumb Code     4  printf1.o(x$fpl$printf1)
    Configurator                             0x080020ae   Data         144  main.o(.constdata)
    __I$use$fp                               0x080020ae   Number         0  usenofp.o(x$fpl$usenofp)
    __stdin_name                             0x080021fc   Data           4  sys_io.o(.constdata)
    __stdout_name                            0x08002200   Data           4  sys_io.o(.constdata)
    __stderr_name                            0x08002204   Data           4  sys_io.o(.constdata)
    Region$$Table$$Base                      0x0800221c   Number         0  anon$$obj.o(Region$$Table)
    Region$$Table$$Limit                     0x0800223c   Number         0  anon$$obj.o(Region$$Table)
    SystemCoreClock                          0x20000000   Data           4  system_1986be9x.o(.data)
    __aeabi_stdin                            0x20000004   Data           4  stdio_streams.o(.data)
    __aeabi_stdout                           0x20000008   Data           4  stdio_streams.o(.data)
    __aeabi_stderr                           0x2000000c   Data           4  stdio_streams.o(.data)
    __stdin                                  0x20000010   Data          84  stdio_streams.o(.bss)
    __stdout                                 0x20000064   Data          84  stdio_streams.o(.bss)
    __stderr                                 0x200000b8   Data          84  stdio_streams.o(.bss)
    __libspace_start                         0x2000010c   Data          96  libspace.o(.bss)
    __temporary_stack_top$libspace           0x2000016c   Data           0  libspace.o(.bss)



==============================================================================

Memory Map of the image

  Image Entry point : 0x080000c1

  Load Region LR_IROM1 (Base: 0x08000000, Size: 0x00002268, Max: 0x00020000, ABSOLUTE)

    Execution Region ER_IROM1 (Base: 0x08000000, Size: 0x00002258, Max: 0x00020000, ABSOLUTE)

    Base Addr    Size         Type   Attr      Idx    E Section Name        Object

    0x08000000   0x000000c0   Data   RO          118    RESET               startup_1986be9x.o
    0x080000c0   0x00000008   Code   RO          184  * !!!main             c_w.l(__main.o)
    0x080000c8   0x00000034   Code   RO          591    !!!scatter          c_w.l(__scatter.o)
    0x080000fc   0x0000001a   Code   RO          593    !!handler_copy      c_w.l(__scatter_copy.o)
    0x08000116   0x00000002   PAD
    0x08000118   0x0000001c   Code   RO          595    !!handler_zi        c_w.l(__scatter_zi.o)
    0x08000134   0x00000000   Code   RO          181    .ARM.Collect$$_printf_percent$$00000000  c_w.l(_printf_percent.o)
    0x08000134   0x00000006   Code   RO          180    .ARM.Collect$$_printf_percent$$00000003  c_w.l(_printf_f.o)
    0x0800013a   0x00000006   Code   RO          179    .ARM.Collect$$_printf_percent$$00000009  c_w.l(_printf_d.o)
    0x08000140   0x00000006   Code   RO          178    .ARM.Collect$$_printf_percent$$0000000C  c_w.l(_printf_x.o)
    0x08000146   0x00000006   Code   RO          177    .ARM.Collect$$_printf_percent$$00000014  c_w.l(_printf_s.o)
    0x0800014c   0x00000004   Code   RO          199    .ARM.Collect$$_printf_percent$$00000017  c_w.l(_printf_percent_end.o)
    0x08000150   0x00000002   Code   RO          381    .ARM.Collect$$libinit$$00000000  c_w.l(libinit.o)
    0x08000152   0x00000000   Code   RO          383    .ARM.Collect$$libinit$$00000002  c_w.l(libinit2.o)
    0x08000152   0x00000000   Code   RO          385    .ARM.Collect$$libinit$$00000004  c_w.l(libinit2.o)
    0x08000152   0x00000008   Code   RO          386    .ARM.Collect$$libinit$$00000005  c_w.l(libinit2.o)
    0x0800015a   0x00000000   Code   RO          388    .ARM.Collect$$libinit$$0000000A  c_w.l(libinit2.o)
    0x0800015a   0x00000000   Code   RO          390    .ARM.Collect$$libinit$$0000000C  c_w.l(libinit2.o)
    0x0800015a   0x00000000   Code   RO          392    .ARM.Collect$$libinit$$0000000E  c_w.l(libinit2.o)
    0x0800015a   0x00000006   Code   RO          393    .ARM.Collect$$libinit$$0000000F  c_w.l(libinit2.o)
    0x08000160   0x00000000   Code   RO          395    .ARM.Collect$$libinit$$00000011  c_w.l(libinit2.o)
    0x08000160   0x00000000   Code   RO          397    .ARM.Collect$$libinit$$00000013  c_w.l(libinit2.o)
    0x08000160   0x00000000   Code   RO          399    .ARM.Collect$$libinit$$00000015  c_w.l(libinit2.o)
    0x08000160   0x0000000a   Code   RO          400    .ARM.Collect$$libinit$$00000016  c_w.l(libinit2.o)
    0x0800016a   0x00000000   Code   RO          401    .ARM.Collect$$libinit$$00000017  c_w.l(libinit2.o)
    0x0800016a   0x00000000   Code   RO          403    .ARM.Collect$$libinit$$00000019  c_w.l(libinit2.o)
    0x0800016a   0x00000000   Code   RO          405    .ARM.Collect$$libinit$$0000001B  c_w.l(libinit2.o)
    0x0800016a   0x00000000   Code   RO          407    .ARM.Collect$$libinit$$0000001D  c_w.l(libinit2.o)
    0x0800016a   0x00000000   Code   RO          409    .ARM.Collect$$libinit$$0000001F  c_w.l(libinit2.o)
    0x0800016a   0x00000000   Code   RO          411    .ARM.Collect$$libinit$$00000021  c_w.l(libinit2.o)
    0x0800016a   0x00000000   Code   RO          413    .ARM.Collect$$libinit$$00000023  c_w.l(libinit2.o)
    0x0800016a   0x00000004   Code   RO          414    .ARM.Collect$$libinit$$00000024  c_w.l(libinit2.o)
    0x0800016e   0x00000000   Code   RO          415    .ARM.Collect$$libinit$$00000025  c_w.l(libinit2.o)
    0x0800016e   0x00000000   Code   RO          419    .ARM.Collect$$libinit$$0000002C  c_w.l(libinit2.o)
    0x0800016e   0x00000000   Code   RO          421    .ARM.Collect$$libinit$$0000002E  c_w.l(libinit2.o)
    0x0800016e   0x00000000   Code   RO          423    .ARM.Collect$$libinit$$00000030  c_w.l(libinit2.o)
    0x0800016e   0x00000000   Code   RO          425    .ARM.Collect$$libinit$$00000032  c_w.l(libinit2.o)
    0x0800016e   0x00000002   Code   RO          426    .ARM.Collect$$libinit$$00000033  c_w.l(libinit2.o)
    0x08000170   0x00000002   Code   RO          570    .ARM.Collect$$libshutdown$$00000000  c_w.l(libshutdown.o)
    0x08000172   0x00000000   Code   RO          428    .ARM.Collect$$libshutdown$$00000002  c_w.l(libshutdown2.o)
    0x08000172   0x00000004   Code   RO          429    .ARM.Collect$$libshutdown$$00000003  c_w.l(libshutdown2.o)
    0x08000176   0x00000000   Code   RO          430    .ARM.Collect$$libshutdown$$00000004  c_w.l(libshutdown2.o)
    0x08000176   0x00000000   Code   RO          433    .ARM.Collect$$libshutdown$$00000007  c_w.l(libshutdown2.o)
    0x08000176   0x00000000   Code   RO          436    .ARM.Collect$$libshutdown$$0000000A  c_w.l(libshutdown2.o)
    0x08000176   0x00000000   Code   RO          438    .ARM.Collect$$libshutdown$$0000000C  c_w.l(libshutdown2.o)
    0x08000176   0x00000000   Code   RO          441    .ARM.Collect$$libshutdown$$0000000F  c_w.l(libshutdown2.o)
    0x08000176   0x00000002   Code   RO          442    .ARM.Collect$$libshutdown$$00000010  c_w.l(libshutdown2.o)
    0x08000178   0x00000000   Code   RO          190    .ARM.Collect$$rtentry$$00000000  c_w.l(__rtentry.o)
    0x08000178   0x00000000   Code   RO          212    .ARM.Collect$$rtentry$$00000002  c_w.l(__rtentry2.o)
    0x08000178   0x00000006   Code   RO          224    .ARM.Collect$$rtentry$$00000004  c_w.l(__rtentry4.o)
    0x0800017e   0x00000000   Code   RO          214    .ARM.Collect$$rtentry$$00000009  c_w.l(__rtentry2.o)
    0x0800017e   0x00000004   Code   RO          215    .ARM.Collect$$rtentry$$0000000A  c_w.l(__rtentry2.o)
    0x08000182   0x00000000   Code   RO          217    .ARM.Collect$$rtentry$$0000000C  c_w.l(__rtentry2.o)
    0x08000182   0x00000008   Code   RO          218    .ARM.Collect$$rtentry$$0000000D  c_w.l(__rtentry2.o)
    0x0800018a   0x00000002   Code   RO          448    .ARM.Collect$$rtexit$$00000000  c_w.l(rtexit.o)
    0x0800018c   0x00000000   Code   RO          506    .ARM.Collect$$rtexit$$00000002  c_w.l(rtexit2.o)
    0x0800018c   0x00000004   Code   RO          507    .ARM.Collect$$rtexit$$00000003  c_w.l(rtexit2.o)
    0x08000190   0x00000006   Code   RO          508    .ARM.Collect$$rtexit$$00000004  c_w.l(rtexit2.o)
    0x08000196   0x00000002   PAD
    0x08000198   0x00000000   Code   RO          512    .emb_text           c_w.l(maybetermalloc1.o)
    0x08000198   0x00000040   Code   RO          119    .text               startup_1986be9x.o
    0x080001d8   0x00000018   Code   RO          128    .text               c_w.l(noretval__2printf.o)
    0x080001f0   0x00000068   Code   RO          130    .text               c_w.l(__printf.o)
    0x08000258   0x00000052   Code   RO          132    .text               c_w.l(_printf_str.o)
    0x080002aa   0x00000002   PAD
    0x080002ac   0x00000078   Code   RO          134    .text               c_w.l(_printf_dec.o)
    0x08000324   0x00000058   Code   RO          139    .text               c_w.l(_printf_hex_int.o)
    0x0800037c   0x00000006   Code   RO          182    .text               c_w.l(heapauxi.o)
    0x08000382   0x000000b2   Code   RO          191    .text               c_w.l(_printf_intcommon.o)
    0x08000434   0x0000041a   Code   RO          193    .text               c_w.l(_printf_fp_dec.o)
    0x0800084e   0x0000002c   Code   RO          195    .text               c_w.l(_printf_char.o)
    0x0800087a   0x00000002   PAD
    0x0800087c   0x00000024   Code   RO          197    .text               c_w.l(_printf_char_file.o)
    0x080008a0   0x00000008   Code   RO          229    .text               c_w.l(rt_locale_intlibspace.o)
    0x080008a8   0x0000008a   Code   RO          231    .text               c_w.l(lludiv10.o)
    0x08000932   0x00000002   PAD
    0x08000934   0x00000030   Code   RO          233    .text               c_w.l(_printf_char_common.o)
    0x08000964   0x00000080   Code   RO          235    .text               c_w.l(_printf_fp_infnan.o)
    0x080009e4   0x000000dc   Code   RO          237    .text               c_w.l(bigflt0.o)
    0x08000ac0   0x00000008   Code   RO          262    .text               c_w.l(ferror.o)
    0x08000ac8   0x00000138   Code   RO          268    .text               c_w.l(initio.o)
    0x08000c00   0x00000066   Code   RO          283    .text               c_w.l(sys_io.o)
    0x08000c66   0x00000002   PAD
    0x08000c68   0x00000008   Code   RO          288    .text               c_w.l(libspace.o)
    0x08000c70   0x0000004a   Code   RO          293    .text               c_w.l(sys_stackheap_outer.o)
    0x08000cba   0x0000004e   Code   RO          297    .text               c_w.l(h1_free.o)
    0x08000d08   0x000001d6   Code   RO          353    .text               c_w.l(flsbuf.o)
    0x08000ede   0x00000046   Code   RO          355    .text               c_w.l(setvbuf.o)
    0x08000f24   0x000000ec   Code   RO          358    .text               c_w.l(fopen.o)
    0x08001010   0x0000004c   Code   RO          360    .text               c_w.l(fclose.o)
    0x0800105c   0x00000012   Code   RO          366    .text               c_w.l(exit.o)
    0x0800106e   0x0000000e   Code   RO          368    .text               c_w.l(defsig_rtred_outer.o)
    0x0800107c   0x0000004e   Code   RO          372    .text               c_w.l(rt_memclr_w.o)
    0x080010ca   0x00000002   PAD
    0x080010cc   0x00000080   Code   RO          374    .text               c_w.l(strcmpv7m.o)
    0x0800114c   0x00000002   Code   RO          445    .text               c_w.l(use_no_semi.o)
    0x0800114e   0x00000000   Code   RO          447    .text               c_w.l(indicate_semi.o)
    0x0800114e   0x00000002   PAD
    0x08001150   0x00000008   Code   RO          455    .text               c_w.l(rt_heap_descriptor_intlibspace.o)
    0x08001158   0x00000004   Code   RO          457    .text               c_w.l(hguard.o)
    0x0800115c   0x0000008a   Code   RO          459    .text               c_w.l(init_alloc.o)
    0x080011e6   0x0000005e   Code   RO          465    .text               c_w.l(h1_alloc.o)
    0x08001244   0x000000f8   Code   RO          481    .text               c_w.l(fseek.o)
    0x0800133c   0x000000f0   Code   RO          483    .text               c_w.l(stdio.o)
    0x0800142c   0x0000000a   Code   RO          489    .text               c_w.l(defsig_exit.o)
    0x08001436   0x00000002   PAD
    0x08001438   0x00000034   Code   RO          491    .text               c_w.l(defsig_rtred_inner.o)
    0x0800146c   0x0000003e   Code   RO          495    .text               c_w.l(strlen.o)
    0x080014aa   0x00000002   PAD
    0x080014ac   0x0000000c   Code   RO          503    .text               c_w.l(sys_exit.o)
    0x080014b8   0x0000000e   Code   RO          514    .text               c_w.l(h1_init.o)
    0x080014c6   0x00000034   Code   RO          516    .text               c_w.l(h1_extend.o)
    0x080014fa   0x00000042   Code   RO          526    .text               c_w.l(ftell.o)
    0x0800153c   0x00000032   Code   RO          534    .text               c_w.l(defsig_general.o)
    0x0800156e   0x0000000e   Code   RO          536    .text               c_w.l(defsig_rtmem_outer.o)
    0x0800157c   0x0000000e   Code   RO          551    .text               c_w.l(sys_wrch.o)
    0x0800158a   0x00000002   PAD
    0x0800158c   0x00000008   Code   RO          558    .text               c_w.l(rt_errno_addr_intlibspace.o)
    0x08001594   0x00000050   Code   RO          564    .text               c_w.l(defsig_rtmem_inner.o)
    0x080015e4   0x0000003e   Code   RO          240    CL$$btod_d2e        c_w.l(btod.o)
    0x08001622   0x00000046   Code   RO          242    CL$$btod_d2e_denorm_low  c_w.l(btod.o)
    0x08001668   0x00000060   Code   RO          241    CL$$btod_d2e_norm_op1  c_w.l(btod.o)
    0x080016c8   0x00000338   Code   RO          250    CL$$btod_div_common  c_w.l(btod.o)
    0x08001a00   0x000000c6   Code   RO          247    CL$$btod_e2e        c_w.l(btod.o)
    0x08001ac6   0x00000028   Code   RO          244    CL$$btod_ediv       c_w.l(btod.o)
    0x08001aee   0x00000028   Code   RO          243    CL$$btod_emul       c_w.l(btod.o)
    0x08001b16   0x00000244   Code   RO          249    CL$$btod_mult_common  c_w.l(btod.o)
    0x08001d5a   0x00000002   PAD
    0x08001d5c   0x0000001c   Code   RO            1    i.InitUART          main.o
    0x08001d78   0x00000090   Code   RO           32    i.SystemCoreClockUpdate  system_1986be9x.o
    0x08001e08   0x00000064   Code   RO           33    i.SystemInit        system_1986be9x.o
    0x08001e6c   0x00000028   Code   RO          281    i.__ARM_fpclassify  m_ws.l(fpclassify.o)
    0x08001e94   0x0000001a   Code   RO          265    i.fputc             c_w.l(fputc.o)
    0x08001eae   0x00000002   PAD
    0x08001eb0   0x000000e0   Code   RO            2    i.main              main.o
    0x08001f90   0x0000002c   Code   RO          277    locale$$code        c_w.l(lc_numeric_c.o)
    0x08001fbc   0x0000000c   Code   RO          206    x$fpl$dretinf       fz_ws.l(dretinf.o)
    0x08001fc8   0x00000056   Code   RO          186    x$fpl$f2d           fz_ws.l(f2d.o)
    0x0800201e   0x0000008c   Code   RO          208    x$fpl$fnaninf       fz_ws.l(fnaninf.o)
    0x080020aa   0x00000004   Code   RO          188    x$fpl$printf1       fz_ws.l(printf1.o)
    0x080020ae   0x00000000   Code   RO          210    x$fpl$usenofp       fz_ws.l(usenofp.o)
    0x080020ae   0x00000090   Data   RO            3    .constdata          main.o
    0x0800213e   0x00000028   Data   RO          140    .constdata          c_w.l(_printf_hex_int.o)
    0x08002166   0x00000002   PAD
    0x08002168   0x00000094   Data   RO          238    .constdata          c_w.l(bigflt0.o)
    0x080021fc   0x00000004   Data   RO          284    .constdata          c_w.l(sys_io.o)
    0x08002200   0x00000004   Data   RO          285    .constdata          c_w.l(sys_io.o)
    0x08002204   0x00000004   Data   RO          286    .constdata          c_w.l(sys_io.o)
    0x08002208   0x00000014   Data   RO            4    .conststring        main.o
    0x0800221c   0x00000020   Data   RO          589    Region$$Table       anon$$obj.o
    0x0800223c   0x0000001c   Data   RO          276    locale$$data        c_w.l(lc_numeric_c.o)


    Execution Region RW_IRAM1 (Base: 0x20000000, Size: 0x00000770, Max: 0x00008000, ABSOLUTE)

    Base Addr    Size         Type   Attr      Idx    E Section Name        Object

    0x20000000   0x00000004   Data   RW           34    .data               system_1986be9x.o
    0x20000004   0x00000004   Data   RW          203    .data               c_w.l(stdio_streams.o)
    0x20000008   0x00000004   Data   RW          204    .data               c_w.l(stdio_streams.o)
    0x2000000c   0x00000004   Data   RW          205    .data               c_w.l(stdio_streams.o)
    0x20000010   0x00000054   Zero   RW          200    .bss                c_w.l(stdio_streams.o)
    0x20000064   0x00000054   Zero   RW          201    .bss                c_w.l(stdio_streams.o)
    0x200000b8   0x00000054   Zero   RW          202    .bss                c_w.l(stdio_streams.o)
    0x2000010c   0x00000060   Zero   RW          289    .bss                c_w.l(libspace.o)
    0x2000016c   0x00000004   PAD
    0x20000170   0x00000200   Zero   RW          117    HEAP                startup_1986be9x.o
    0x20000370   0x00000400   Zero   RW          116    STACK               startup_1986be9x.o


==============================================================================

Image component sizes


      Code (inc. data)   RO Data    RW Data    ZI Data      Debug   Object Name

       252        132        164          0          0       3621   main.o
        64         26        192          0       1536        788   startup_1986be9x.o
       244         28          0          4          0       1283   system_1986be9x.o

    ----------------------------------------------------------------------
       560        186        388          4       1536       5692   Object Totals
         0          0         32          0          0          0   (incl. Generated)
         0          0          0          0          0          0   (incl. Padding)

    ----------------------------------------------------------------------

      Code (inc. data)   RO Data    RW Data    ZI Data      Debug   Library Member Name

         8          0          0          0          0         68   __main.o
       104          0          0          0          0         84   __printf.o
         0          0          0          0          0          0   __rtentry.o
        12          0          0          0          0          0   __rtentry2.o
         6          0          0          0          0          0   __rtentry4.o
        52          8          0          0          0          0   __scatter.o
        26          0          0          0          0          0   __scatter_copy.o
        28          0          0          0          0          0   __scatter_zi.o
        44          0          0          0          0        108   _printf_char.o
        48          6          0          0          0         96   _printf_char_common.o
        36          4          0          0          0         80   _printf_char_file.o
         6          0          0          0          0          0   _printf_d.o
       120         16          0          0          0         92   _printf_dec.o
         6          0          0          0          0          0   _printf_f.o
      1050          0          0          0          0        216   _printf_fp_dec.o
       128         16          0          0          0         84   _printf_fp_infnan.o
        88          4         40          0          0         88   _printf_hex_int.o
       178          0          0          0          0         88   _printf_intcommon.o
         0          0          0          0          0          0   _printf_percent.o
         4          0          0          0          0          0   _printf_percent_end.o
         6          0          0          0          0          0   _printf_s.o
        82          0          0          0          0         80   _printf_str.o
         6          0          0          0          0          0   _printf_x.o
       220          4        148          0          0         96   bigflt0.o
      1910        128          0          0          0        672   btod.o
        10          0          0          0          0         68   defsig_exit.o
        50          0          0          0          0         88   defsig_general.o
        80         58          0          0          0         76   defsig_rtmem_inner.o
        14          0          0          0          0         80   defsig_rtmem_outer.o
        52         38          0          0          0         76   defsig_rtred_inner.o
        14          0          0          0          0         80   defsig_rtred_outer.o
        18          0          0          0          0         80   exit.o
        76          0          0          0          0         88   fclose.o
         8          0          0          0          0         68   ferror.o
       470          0          0          0          0         88   flsbuf.o
       236          4          0          0          0        128   fopen.o
        26          0          0          0          0         68   fputc.o
       248          6          0          0          0         84   fseek.o
        66          0          0          0          0         76   ftell.o
        94          0          0          0          0         80   h1_alloc.o
        52          0          0          0          0         68   h1_extend.o
        78          0          0          0          0         80   h1_free.o
        14          0          0          0          0         84   h1_init.o
         6          0          0          0          0        152   heapauxi.o
         4          0          0          0          0        136   hguard.o
         0          0          0          0          0          0   indicate_semi.o
       138          0          0          0          0        168   init_alloc.o
       312         46          0          0          0        112   initio.o
        44         10         28          0          0         76   lc_numeric_c.o
         2          0          0          0          0          0   libinit.o
        30          0          0          0          0          0   libinit2.o
         2          0          0          0          0          0   libshutdown.o
         6          0          0          0          0          0   libshutdown2.o
         8          4          0          0         96         68   libspace.o
       138          0          0          0          0         80   lludiv10.o
         0          0          0          0          0          0   maybetermalloc1.o
        24          4          0          0          0         84   noretval__2printf.o
         8          4          0          0          0         68   rt_errno_addr_intlibspace.o
         8          4          0          0          0         68   rt_heap_descriptor_intlibspace.o
         8          4          0          0          0         68   rt_locale_intlibspace.o
        78          0          0          0          0         80   rt_memclr_w.o
         2          0          0          0          0          0   rtexit.o
        10          0          0          0          0          0   rtexit2.o
        70          0          0          0          0         80   setvbuf.o
       240          6          0          0          0        156   stdio.o
         0          0          0         12        252          0   stdio_streams.o
       128          0          0          0          0         68   strcmpv7m.o
        62          0          0          0          0         76   strlen.o
        12          4          0          0          0         68   sys_exit.o
       102          0         12          0          0        240   sys_io.o
        74          0          0          0          0         80   sys_stackheap_outer.o
        14          0          0          0          0         76   sys_wrch.o
         2          0          0          0          0         68   use_no_semi.o
        12          0          0          0          0         68   dretinf.o
        86          4          0          0          0         84   f2d.o
       140          4          0          0          0         84   fnaninf.o
         4          0          0          0          0         68   printf1.o
         0          0          0          0          0          0   usenofp.o
        40          0          0          0          0         68   fpclassify.o

    ----------------------------------------------------------------------
      7614        386        230         12        352       5756   Library Totals
        26          0          2          0          4          0   (incl. Padding)

    ----------------------------------------------------------------------

      Code (inc. data)   RO Data    RW Data    ZI Data      Debug   Library Name

      7306        378        228         12        348       5384   c_w.l
       242          8          0          0          0        304   fz_ws.l
        40          0          0          0          0         68   m_ws.l

    ----------------------------------------------------------------------
      7614        386        230         12        352       5756   Library Totals

    ----------------------------------------------------------------------

==============================================================================


      Code (inc. data)   RO Data    RW Data    ZI Data      Debug   

      8174        572        618         16       1888       8064   Grand Totals
      8174        572        618         16       1888       8064   ELF Image Totals
      8174        572        618         16          0          0   ROM Totals

==============================================================================

    Total RO  Size (Code + RO Data)                 8792 (   8.59kB)
    Total RW  Size (RW Data + ZI Data)              1904 (   1.86kB)
    Total ROM Size (Code + RO Data + RW Data)       8808 (   8.60kB)

==============================================================================

